
Regression test for bug 4838310

Testing GOOD combinations:
[interface java.util.Collection]
--- OK.
[interface java.lang.Iterable, interface java.util.Collection]
--- OK.
[interface java.lang.Iterable, interface java.util.Collection, interface java.util.List]
--- OK.
[interface GetSerializable, interface GetCloneable, interface GetArray]
--- OK.
[interface GetObject, interface GetSerializable, interface GetCloneable, interface GetArray]
--- OK.
Testing BAD combinations:
[interface java.lang.Runnable, interface java.security.PrivilegedAction]
--- OK.
[interface GetSerializable, interface GetCloneable]
--- OK.
[interface GetObject, interface GetSerializable, interface GetCloneable]
--- OK.
TEST PASSED
