Comparing "a" <----> "a"
Comparing "b" <----> "b"
Comparing "a" <----> "a"
Comparing "b" <----> "b"
Comparing "cd" <----> "cd"
Comparing " " <----> " "
Comparing "ef" <----> "ef"
Comparing "g" <----> "g"
Comparing "this is" <----> "this is"
Comparing ",a" <----> ",a"
Comparing " interesting" <----> " interesting"
Comparing ",sentence" <----> ",sentence"
Comparing " of small" <----> " of small"
Comparing " words" <----> " words"
