
Normal:  public TestParameterAnnotations$Inner(TestParameterAnnotations,java.lang.Object)
Generic: public TestParameterAnnotations$Inner(TestParameterAnnotations,java.lang.Object)
	Parameter Annotations: [[@Marker()]]

Normal:  public TestParameterAnnotations$StaticNested(java.lang.Object)
Generic: public TestParameterAnnotations$StaticNested(java.lang.Object)
	Parameter Annotations: [[@Marker()]]

Normal:  private CustomColors(java.lang.String,int,int)
Generic: private CustomColors(int)
	Parameter Annotations: [[@Marker()]]

Normal:  private CustomColors(java.lang.String,int,double)
Generic: private CustomColors(double)
	Parameter Annotations: [[], [], []]

Normal:  public TestParameterAnnotations()
Generic: public TestParameterAnnotations()
	Parameter Annotations: []

Normal:  TestParameterAnnotations$1LocalClass(int)
Generic: TestParameterAnnotations$1LocalClass(int)
	Parameter Annotations: [[@Marker()]]

Normal:  TestParameterAnnotations$1()
Generic: TestParameterAnnotations$1()
	Parameter Annotations: []
