

Scanning StringsAndBounds

Method:	static void StringsAndBounds.scanner(java.lang.Class)
	Return Type: void
	Parameter: class java.lang.Class

Method:	public static void StringsAndBounds.main(java.lang.String[]) throws java.lang.Exception
	Return Type: void
	Parameter: class [Ljava.lang.String;

Method:	public void StringsAndBounds.f(A$B)
	Return Type: void
	Parameter: A<java.lang.String>.B<java.lang.Integer>

Method:	public void StringsAndBounds.g(java.lang.Object)
	Return Type: void
	Parameter: T


Scanning A$B


Scanning Test


Scanning Test$Inner2

Method:	java.util.List Test$Inner2.foo2(java.util.List)
	Return Type: java.util.List<?>
	Parameter: java.util.List<? extends V>


Scanning Test$Inner1

Method:	void Test$Inner1.bar(java.lang.Object[])
	Return Type: void
	Parameter: U[]

Method:	java.util.List Test.foo(java.util.List)
	Return Type: java.util.List<? extends T>
	Parameter: java.util.List<? super T>

Method:	static java.lang.Object Test.max(java.util.Collection)
	Return Type: S
	Parameter: java.util.Collection<? extends S>
